// Jest Snapshot v1, https://goo.gl/fbAQLP

exports[`NavLinks renders correctly 1`] = `
<div
  className="ml-auto"
>
  <a
    className="sc-bdfBwQ iFFCtp"
    href="/#projects"
  >
    projects
  </a>
  <a
    className="sc-bdfBwQ iFFCtp"
    href="/#work"
  >
    work
  </a>
  <a
    className="sc-bdfBwQ iFFCtp"
    href="/#contactForm"
  >
    contact
  </a>
</div>
`;
