// Jest Snapshot v1, https://goo.gl/fbAQLP

exports[`App renders correctly 1`] = `
<div>
  <nav
    className="w-100 position-fixed navbar navbar-expand-lg navbar-light bg-light"
  >
    <a
      className="d-flex align-items-center navbar-brand"
      href="/"
    >
      David Chan Ho 
      <div
        className="ml-3 d-flex align-items-center"
      >
        <a
          className="mr-3"
          href="https://github.com/davidchanho"
          rel="noreferrer"
          target="_blank"
        >
          <svg
            fill="currentColor"
            height={32}
            stroke="currentColor"
            strokeWidth="0"
            style={
              Object {
                "color": undefined,
              }
            }
            viewBox="0 0 1024 1024"
            width={32}
            xmlns="http://www.w3.org/2000/svg"
          >
            <path
              d="M511.6 76.3C264.3 76.2 64 276.4 64 523.5 64 718.9 189.3 885 363.8 946c23.5 5.9 19.9-10.8 19.9-22.2v-77.5c-135.7 15.9-141.2-73.9-150.3-88.9C215 726 171.5 718 184.5 703c30.9-15.9 62.4 4 98.9 57.9 26.4 39.1 77.9 32.5 104 26 5.7-23.5 17.9-44.5 34.7-60.8-140.6-25.2-199.2-111-199.2-213 0-49.5 16.3-95 48.3-131.7-20.4-60.5 1.9-112.3 4.9-120 58.1-5.2 118.5 41.6 123.2 45.3 33-8.9 70.7-13.6 112.9-13.6 42.4 0 80.2 4.9 113.5 13.9 11.3-8.6 67.3-48.8 121.3-43.9 2.9 7.7 24.7 58.3 5.5 118 32.4 36.8 48.9 82.7 48.9 132.3 0 102.2-59 188.1-200 212.9a127.5 127.5 0 0 1 38.1 91v112.5c.8 9 0 17.9 15 17.9 177.1-59.7 304.6-227 304.6-424.1 0-247.2-200.4-447.3-447.5-447.3z"
            />
          </svg>
        </a>
        <a
          href="https://www.linkedin.com/in/david-ho-8603aba7/"
          rel="noreferrer"
          target="_blank"
        >
          <svg
            fill="currentColor"
            height={32}
            stroke="currentColor"
            strokeWidth="0"
            style={
              Object {
                "color": undefined,
              }
            }
            viewBox="0 0 1024 1024"
            width={32}
            xmlns="http://www.w3.org/2000/svg"
          >
            <path
              d="M880 112H144c-17.7 0-32 14.3-32 32v736c0 17.7 14.3 32 32 32h736c17.7 0 32-14.3 32-32V144c0-17.7-14.3-32-32-32zM349.3 793.7H230.6V411.9h118.7v381.8zm-59.3-434a68.8 68.8 0 1 1 68.8-68.8c-.1 38-30.9 68.8-68.8 68.8zm503.7 434H675.1V608c0-44.3-.8-101.2-61.7-101.2-61.7 0-71.2 48.2-71.2 98v188.9H423.7V411.9h113.8v52.2h1.6c15.8-30 54.5-61.7 112.3-61.7 120.2 0 142.3 79.1 142.3 181.9v209.4z"
            />
          </svg>
        </a>
        <a
          className="ml-3 font-weight-bold"
          href="https://docs.google.com/document/d/1nbkwwengFyqKdw5elYSCLsAaqh5r6FvQC9yi0BHg-dw/edit?usp=sharing"
          rel="noreferrer"
          target="_blank"
        >
          RESUME
        </a>
      </div>
    </a>
    <button
      aria-label="Toggle navigation"
      className="ml-auto navbar-toggler collapsed"
      onClick={[Function]}
      type="button"
    >
      <span
        className="navbar-toggler-icon"
      />
    </button>
    <div
      aria-expanded={null}
      className="navbar-collapse collapse"
    >
      <div
        className="ml-auto"
      >
        <a
          className="sc-dlfnbm dXCTtu"
          href="/#projects"
        >
          projects
        </a>
        <a
          className="sc-dlfnbm dXCTtu"
          href="/#work"
        >
          work
        </a>
        <a
          className="sc-dlfnbm dXCTtu"
          href="/#contactForm"
        >
          contact
        </a>
      </div>
    </div>
  </nav>
  <div
    className="sc-bdfBwQ SIfDp"
  >
    <div
      className="vh-100 text-white px-5 d-flex flex-column align-items-center justify-content-center container-fluid"
    >
      <div
        className="d-flex align-items-end justify-content-center"
      >
        <div>
          <img
            alt=""
            className="mr-4"
            src="https://ca.slack-edge.com/TL77KG802-ULG4SK5Q9-a5e3db5965c6-512"
          />
        </div>
        <div>
          <h1>
            Hello, I am David Ho
          </h1>
        </div>
      </div>
      <div
        className="ml-5"
      >
        <p>
          I'm a Raleigh based Web Developer.
        </p>
        <p>
          I graduated from Coding Bootcamp of UNC Chapel Hill in 2020.
        </p>
        <p>
          I am currently looking for an entry level web developer role.
        </p>
      </div>
    </div>
  </div>
  <div
    className="sc-gsTCUz huUuIE"
    id="projects"
  >
    <h3
      className="text-center text-capitalize mb-5"
    >
      <u>
        projects
      </u>
    </h3>
    <div
      className="container"
    >
      <div
        className="mx-auto list-group"
        onKeyDown={[Function]}
      >
        <div
          className="d-flex flex-column list-group-item"
          data-rb-event-key={null}
          disabled={false}
          onClick={[Function]}
        >
          <div
            className="d-flex align-items-center justify-content-between"
          >
            <div>
              <a
                className="nav-link"
                data-rb-event-key="/id"
                href="/id"
                onClick={[Function]}
                onKeyDown={[Function]}
              >
                Slack
              </a>
            </div>
            <div
              className="ml-auto d-flex align-items-center"
            >
              <a
                className="mr-3"
                href="https://github.com/davidchanho/react-native-slack"
                rel="noreferrer"
                target="_blank"
              >
                <svg
                  fill="currentColor"
                  height={22}
                  stroke="currentColor"
                  strokeWidth="0"
                  style={
                    Object {
                      "color": undefined,
                    }
                  }
                  viewBox="0 0 1024 1024"
                  width={22}
                  xmlns="http://www.w3.org/2000/svg"
                >
                  <path
                    d="M511.6 76.3C264.3 76.2 64 276.4 64 523.5 64 718.9 189.3 885 363.8 946c23.5 5.9 19.9-10.8 19.9-22.2v-77.5c-135.7 15.9-141.2-73.9-150.3-88.9C215 726 171.5 718 184.5 703c30.9-15.9 62.4 4 98.9 57.9 26.4 39.1 77.9 32.5 104 26 5.7-23.5 17.9-44.5 34.7-60.8-140.6-25.2-199.2-111-199.2-213 0-49.5 16.3-95 48.3-131.7-20.4-60.5 1.9-112.3 4.9-120 58.1-5.2 118.5 41.6 123.2 45.3 33-8.9 70.7-13.6 112.9-13.6 42.4 0 80.2 4.9 113.5 13.9 11.3-8.6 67.3-48.8 121.3-43.9 2.9 7.7 24.7 58.3 5.5 118 32.4 36.8 48.9 82.7 48.9 132.3 0 102.2-59 188.1-200 212.9a127.5 127.5 0 0 1 38.1 91v112.5c.8 9 0 17.9 15 17.9 177.1-59.7 304.6-227 304.6-424.1 0-247.2-200.4-447.3-447.5-447.3z"
                  />
                </svg>
              </a>
              <a
                href="https://react-firebase-chat-23479.firebaseapp.com/"
                rel="noreferrer"
                target="_blank"
              >
                Live Demo
              </a>
            </div>
          </div>
          <div />
        </div>
        <div
          className="d-flex flex-column list-group-item"
          data-rb-event-key={null}
          disabled={false}
          onClick={[Function]}
        >
          <div
            className="d-flex align-items-center justify-content-between"
          >
            <div>
              <a
                className="nav-link"
                data-rb-event-key="/id"
                href="/id"
                onClick={[Function]}
                onKeyDown={[Function]}
              >
                Medium
              </a>
            </div>
            <div
              className="ml-auto d-flex align-items-center"
            >
              <a
                className="mr-3"
                href="https://github.com/davidchanho/mediumClone"
                rel="noreferrer"
                target="_blank"
              >
                <svg
                  fill="currentColor"
                  height={22}
                  stroke="currentColor"
                  strokeWidth="0"
                  style={
                    Object {
                      "color": undefined,
                    }
                  }
                  viewBox="0 0 1024 1024"
                  width={22}
                  xmlns="http://www.w3.org/2000/svg"
                >
                  <path
                    d="M511.6 76.3C264.3 76.2 64 276.4 64 523.5 64 718.9 189.3 885 363.8 946c23.5 5.9 19.9-10.8 19.9-22.2v-77.5c-135.7 15.9-141.2-73.9-150.3-88.9C215 726 171.5 718 184.5 703c30.9-15.9 62.4 4 98.9 57.9 26.4 39.1 77.9 32.5 104 26 5.7-23.5 17.9-44.5 34.7-60.8-140.6-25.2-199.2-111-199.2-213 0-49.5 16.3-95 48.3-131.7-20.4-60.5 1.9-112.3 4.9-120 58.1-5.2 118.5 41.6 123.2 45.3 33-8.9 70.7-13.6 112.9-13.6 42.4 0 80.2 4.9 113.5 13.9 11.3-8.6 67.3-48.8 121.3-43.9 2.9 7.7 24.7 58.3 5.5 118 32.4 36.8 48.9 82.7 48.9 132.3 0 102.2-59 188.1-200 212.9a127.5 127.5 0 0 1 38.1 91v112.5c.8 9 0 17.9 15 17.9 177.1-59.7 304.6-227 304.6-424.1 0-247.2-200.4-447.3-447.5-447.3z"
                  />
                </svg>
              </a>
              <a
                href=""
                rel="noreferrer"
                target="_blank"
              >
                Live Demo
              </a>
            </div>
          </div>
          <div />
        </div>
      </div>
    </div>
  </div>
  <div
    className="sc-gsTCUz huUuIE"
    id="work"
  >
    <h3
      className="text-center text-capitalize mb-5"
    >
      <u>
        work
      </u>
    </h3>
    <div
      className="container"
    >
      <div
        className="mx-auto list-group"
        onKeyDown={[Function]}
      >
        <div
          className="d-flex flex-column list-group-item"
          data-rb-event-key={null}
          disabled={false}
          onClick={[Function]}
        >
          <div
            className="d-flex align-items-center justify-content-between"
          >
            <div>
              <a
                className="nav-link"
                data-rb-event-key="/id"
                href="/id"
                onClick={[Function]}
                onKeyDown={[Function]}
              >
                American Game Machine
              </a>
            </div>
            <div
              className="ml-auto d-flex align-items-center"
            >
              <a
                className="mr-3"
                href="https://github.com/davidchanho/american-game-machine"
                rel="noreferrer"
                target="_blank"
              >
                <svg
                  fill="currentColor"
                  height={22}
                  stroke="currentColor"
                  strokeWidth="0"
                  style={
                    Object {
                      "color": undefined,
                    }
                  }
                  viewBox="0 0 1024 1024"
                  width={22}
                  xmlns="http://www.w3.org/2000/svg"
                >
                  <path
                    d="M511.6 76.3C264.3 76.2 64 276.4 64 523.5 64 718.9 189.3 885 363.8 946c23.5 5.9 19.9-10.8 19.9-22.2v-77.5c-135.7 15.9-141.2-73.9-150.3-88.9C215 726 171.5 718 184.5 703c30.9-15.9 62.4 4 98.9 57.9 26.4 39.1 77.9 32.5 104 26 5.7-23.5 17.9-44.5 34.7-60.8-140.6-25.2-199.2-111-199.2-213 0-49.5 16.3-95 48.3-131.7-20.4-60.5 1.9-112.3 4.9-120 58.1-5.2 118.5 41.6 123.2 45.3 33-8.9 70.7-13.6 112.9-13.6 42.4 0 80.2 4.9 113.5 13.9 11.3-8.6 67.3-48.8 121.3-43.9 2.9 7.7 24.7 58.3 5.5 118 32.4 36.8 48.9 82.7 48.9 132.3 0 102.2-59 188.1-200 212.9a127.5 127.5 0 0 1 38.1 91v112.5c.8 9 0 17.9 15 17.9 177.1-59.7 304.6-227 304.6-424.1 0-247.2-200.4-447.3-447.5-447.3z"
                  />
                </svg>
              </a>
              <a
                href="https://www.americangamemachine.com/"
                rel="noreferrer"
                target="_blank"
              >
                Live Demo
              </a>
            </div>
          </div>
          <div />
        </div>
        <div
          className="d-flex flex-column list-group-item"
          data-rb-event-key={null}
          disabled={false}
          onClick={[Function]}
        >
          <div
            className="d-flex align-items-center justify-content-between"
          >
            <div>
              <a
                className="nav-link"
                data-rb-event-key="/id"
                href="/id"
                onClick={[Function]}
                onKeyDown={[Function]}
              >
                Crazy Fire Mongolian Grill
              </a>
            </div>
            <div
              className="ml-auto d-flex align-items-center"
            >
              <a
                className="mr-3"
                href="https://github.com/davidchanho/crazyfire2"
                rel="noreferrer"
                target="_blank"
              >
                <svg
                  fill="currentColor"
                  height={22}
                  stroke="currentColor"
                  strokeWidth="0"
                  style={
                    Object {
                      "color": undefined,
                    }
                  }
                  viewBox="0 0 1024 1024"
                  width={22}
                  xmlns="http://www.w3.org/2000/svg"
                >
                  <path
                    d="M511.6 76.3C264.3 76.2 64 276.4 64 523.5 64 718.9 189.3 885 363.8 946c23.5 5.9 19.9-10.8 19.9-22.2v-77.5c-135.7 15.9-141.2-73.9-150.3-88.9C215 726 171.5 718 184.5 703c30.9-15.9 62.4 4 98.9 57.9 26.4 39.1 77.9 32.5 104 26 5.7-23.5 17.9-44.5 34.7-60.8-140.6-25.2-199.2-111-199.2-213 0-49.5 16.3-95 48.3-131.7-20.4-60.5 1.9-112.3 4.9-120 58.1-5.2 118.5 41.6 123.2 45.3 33-8.9 70.7-13.6 112.9-13.6 42.4 0 80.2 4.9 113.5 13.9 11.3-8.6 67.3-48.8 121.3-43.9 2.9 7.7 24.7 58.3 5.5 118 32.4 36.8 48.9 82.7 48.9 132.3 0 102.2-59 188.1-200 212.9a127.5 127.5 0 0 1 38.1 91v112.5c.8 9 0 17.9 15 17.9 177.1-59.7 304.6-227 304.6-424.1 0-247.2-200.4-447.3-447.5-447.3z"
                  />
                </svg>
              </a>
              <a
                href="https://crazyfire-1hlzpsarm-davidhocrd.vercel.app/"
                rel="noreferrer"
                target="_blank"
              >
                Live Demo
              </a>
            </div>
          </div>
          <div />
        </div>
      </div>
    </div>
  </div>
  <div
    className="sc-gsTCUz huUuIE"
    id="contactForm"
  >
    <h3
      className="text-center text-capitalize mb-5"
    >
      <u>
        Contact Me
      </u>
    </h3>
    <div
      className="container"
    >
      <form
        className="w-50 vh-100 d-flex flex-column mx-auto "
        id="contactForm"
        onSubmit={[Function]}
      >
        <div
          className="form-group"
        >
          <label
            className="form-label"
            htmlFor="formName"
          >
            Name
          </label>
          <input
            className="form-control"
            defaultValue=""
            id="formName"
            name="name"
            onChange={[Function]}
            placeholder="Enter name"
            type="text"
          />
        </div>
        <div
          className="form-group"
        >
          <label
            className="form-label"
            htmlFor="formEmail"
          >
            Email address
          </label>
          <input
            className="form-control"
            defaultValue=""
            id="formEmail"
            name="email"
            onChange={[Function]}
            placeholder="Enter email"
            type="email"
          />
        </div>
        <div
          className="form-group"
        >
          <label
            className="form-label"
            htmlFor="formMessage"
          >
            Message
          </label>
          <textarea
            className="form-control"
            defaultValue=""
            id="formMessage"
            name="message"
            onChange={[Function]}
            placeholder="Enter message"
            rows={5}
            style={
              Object {
                "resize": "none",
              }
            }
            type="text"
          />
        </div>
        <div
          className="d-flex justify-content-end"
        >
          <button
            className="btn btn-success"
            disabled={false}
            onSubmit={[Function]}
            type="submit"
          >
            Submit
          </button>
        </div>
      </form>
    </div>
  </div>
  <nav
    className="navbar navbar-expand navbar-light fixed-bottom"
  >
    <span
      className="ml-auto"
    >
      <button
        className="invisible btn btn-primary"
        disabled={false}
        onClick={[Function]}
        type="button"
      >
        <svg
          fill="currentColor"
          height={32}
          stroke="currentColor"
          strokeWidth="0"
          style={
            Object {
              "color": undefined,
            }
          }
          viewBox="0 0 24 24"
          width={32}
          xmlns="http://www.w3.org/2000/svg"
        >
          <g>
            <path
              d="M0 0h24v24H0z"
              fill="none"
            />
            <path
              d="M12 11.828l-2.828 2.829-1.415-1.414L12 9l4.243 4.243-1.415 1.414L12 11.828z"
            />
          </g>
        </svg>
      </button>
    </span>
  </nav>
</div>
`;
